System.Exception: IsTrue failed, expression was:

new UriBuilder(){Scheme = "https"} == b
.             .                    __ .
\______ ______/                    |  .
       |                           |  http:.../
       |                           False
       https:.../

   at PowerAssert.PAssert.IsTrue(Expression`1 expression)
   at PowerAssertTests.Approvals.EndToEndTest.ApproveException(Expression`1 func)