System.Exception: Unable to dispatch expression of type InstanceMethodCallExpressionN with node type of Call ---> System.ArgumentOutOfRangeException: Index was out of range. Must be non-negative and less than the size of the collection.
Parameter name: index
   at System.SZArrayHelper.get_Item[T](Int32 index)
   at PowerAssert.Hints.DelegateShouldHaveBeenInvokedEqualsHint.TryGetHint(ExpressionParser parser, Expression expression, String& hint)
   at PowerAssert.Hints.MultiHint.TryGetHint(ExpressionParser parser, Expression expression, String& hint)
   at PowerAssert.Infrastructure.ExpressionParser.GetHints(Expression e, Object value)
   at PowerAssert.Infrastructure.ExpressionParser.GetValue(Expression e)
   at PowerAssert.Infrastructure.ExpressionParser.ParseExpression(MethodCallExpression e)
   at System.Dynamic.UpdateDelegates.UpdateAndExecute2[T0,T1,TRet](CallSite site, T0 arg0, T1 arg1)
   at PowerAssert.Infrastructure.ExpressionParser.Parse(Expression e)
   --- End of inner exception stack trace ---
   at PowerAssert.Infrastructure.ExpressionParser.Parse(Expression e)
   at PowerAssert.Infrastructure.ExpressionParser.Parse()
   at PowerAssert.PAssert.RenderExpression(LambdaExpression expression, Object[] parameterValues)
   at PowerAssert.PAssert.CreateException(LambdaExpression expression, String message, Object[] parameterValues)
   at PowerAssert.PAssert.IsTrue(Expression`1 expression)
   at PowerAssertTests.Approvals.EndToEndTest.ApproveException(Expression`1 func)