System.Exception: IsTrue failed, expression was:

-b == 0
.. __
.. |
.| |
|| False
|5
-5

   at PowerAssert.PAssert.IsTrue(Expression`1 expression)
   at PowerAssertTests.Approvals.EndToEndTest.ApproveException(Expression`1 func)