System.Exception: IsTrue failed, expression was:

Object.Equals(f, (object)x)
       \_ __/ .  .      ..
         |    .  .      ..
         |    |  \__ ___/|
         |    |     |    1
         |    |     1
         |    delegate Func<int>, type: int ()
         False

   at PowerAssert.PAssert.IsTrue(Expression`1 expression)
   at PowerAssertTests.Approvals.EndToEndTest.ApproveException(Expression`1 func)