System.Exception: IsTrue failed, expression was:

new List<string>() == null
.               .  __
\_______ _______/  |
        |          False
        []

   at PowerAssert.PAssert.IsTrue(Expression`1 expression)
   at PowerAssertTests.Approvals.EndToEndTest.ApproveException(Expression`1 func)